// Jest Snapshot v1, https://goo.gl/fbAQLP

exports[`AddStruct should render 1`] = `
<div>
  <Button
    block={false}
    disabled={false}
    ghost={false}
    htmlType="button"
    loading={false}
    onClick={[Function]}
    type="link"
  >
    添加
  </Button>
  <AddStructModal
    attribute={
      Object {
        "id": "struct",
        "name": "结构体",
        "value": Object {
          "struct_define": Array [
            Object {
              "id": "arr",
              "name": "数组",
              "type": "arr",
            },
            Object {
              "id": "str",
              "name": "字符串",
              "type": "str",
            },
            Object {
              "id": "int",
              "name": "数组",
              "type": "int",
            },
            Object {
              "id": "ip",
              "name": "IP地址",
              "type": "ip",
            },
            Object {
              "id": "enum",
              "name": "枚举",
              "regex": Array [
                "1",
                "3",
                "5",
                "7",
                "9",
              ],
              "type": "enum",
            },
            Object {
              "id": "date",
              "name": "日期",
              "type": "date",
            },
            Object {
              "id": "datetime",
              "name": "时间",
              "type": "datetime",
            },
          ],
          "type": "structs",
        },
      }
    }
    handleCancelFunction={[Function]}
    handleStoreFunction={[Function]}
    visible={false}
  />
  <StructTable
    attribute={
      Object {
        "id": "struct",
        "name": "结构体",
        "value": Object {
          "struct_define": Array [
            Object {
              "id": "arr",
              "name": "数组",
              "type": "arr",
            },
            Object {
              "id": "str",
              "name": "字符串",
              "type": "str",
            },
            Object {
              "id": "int",
              "name": "数组",
              "type": "int",
            },
            Object {
              "id": "ip",
              "name": "IP地址",
              "type": "ip",
            },
            Object {
              "id": "enum",
              "name": "枚举",
              "regex": Array [
                "1",
                "3",
                "5",
                "7",
                "9",
              ],
              "type": "enum",
            },
            Object {
              "id": "date",
              "name": "日期",
              "type": "date",
            },
            Object {
              "id": "datetime",
              "name": "时间",
              "type": "datetime",
            },
          ],
          "type": "structs",
        },
      }
    }
    handleStoreFunction={[Function]}
    isEditable={true}
    isLegacy={false}
    structData={
      Array [
        Object {
          "arr": Array [
            "abc",
            "def",
          ],
          "date": "2019-05-24",
          "datetime": "2019-05-24 12:00:00",
          "enum": "1",
          "int": 1000,
          "ip": "0.0.0.0",
          "str": "string",
        },
        Object {
          "arr": Array [
            "ppp",
          ],
          "date": "2019-05-23",
          "datetime": "2019-05-24 23:00:00",
          "enum": "5",
          "int": 100,
          "ip": "10.0.0.0",
          "str": "string2",
        },
      ]
    }
  />
</div>
`;
