// Jest Snapshot v1, https://goo.gl/fbAQLP

exports[`Sidebar should work 1`] = `
<Menu
  className="menuContainer"
  defaultOpenKeys={Array []}
  defaultSelectedKeys={Array []}
  mode="inline"
  selectedKeys={Array []}
  style={
    Object {
      "borderRight": 0,
      "height": "100%",
    }
  }
>
  <MenuItem
    key="0"
    title="for-good"
  >
    <Link
      to="/for/good"
    >
      <span
        className="menuItemText"
      >
        for-good
      </span>
    </Link>
  </MenuItem>
  <MenuItem
    key="1"
    title="for-better"
  >
    <Link
      to={
        Object {
          "pathname": "for-better",
          "search": "?even-more",
        }
      }
    >
      <span
        className="menuItemText"
      >
        for-better
      </span>
    </Link>
  </MenuItem>
  <MenuItemGroup
    disabled={true}
    key="2"
    title="grouped"
  >
    <MenuItem
      key="2.0"
      title="for-perfect"
    >
      <Link
        to="/for/perfect"
      >
        <span
          className="menuItemText"
        >
          for-perfect
        </span>
      </Link>
    </MenuItem>
    <SubMenu
      key="2.1"
      title={
        <span>
          <i
            className="menuItemIcon"
          >
            <GeneralIcon
              icon={
                Object {
                  "icon": "bug",
                  "lib": "fa",
                }
              }
            />
          </i>
          <span
            className="menuItemText"
          >
            subMenu
          </span>
        </span>
      }
    >
      <MenuItem
        key="2.1.0"
      >
        <Link
          to="/for/submenu"
        >
          <span
            className="menuItemText"
          >
            for-submenu
          </span>
        </Link>
      </MenuItem>
    </SubMenu>
  </MenuItemGroup>
</Menu>
`;
