// Jest Snapshot v1, https://goo.gl/fbAQLP

exports[`TrendChart should work 1`] = `
<DocumentFragment>
  <div
    class="chart"
    style="position: relative;"
  >
    <div
      class="resize-sensor"
      dir="ltr"
      style="pointer-events: none; position: absolute; left: 0px; top: 0px; right: 0px; bottom: 0px; overflow: hidden; z-index: -1; visibility: hidden; max-width: 100%;"
    >
      <div
        class="resize-sensor-expand"
        style="pointer-events: none; position: absolute; left: 0px; top: 0px; right: 0px; bottom: 0px; overflow: hidden; z-index: -1; visibility: hidden; max-width: 100%;"
      >
        <div
          style="position: absolute; left: 0px; top: 0px; transition: 0s;"
        />
      </div>
      <div
        class="resize-sensor-shrink"
        style="pointer-events: none; position: absolute; left: 0px; top: 0px; right: 0px; bottom: 0px; overflow: hidden; z-index: -1; visibility: hidden; max-width: 100%;"
      >
        <div
          style="position: absolute; left: 0px; top: 0px; transition: 0s; width: 200%; height: 200%;"
        />
      </div>
    </div>
  </div>
</DocumentFragment>
`;

exports[`TrendChart should work with data of data rate format 1`] = `
<DocumentFragment>
  <div
    class="chart"
    style="position: relative;"
  >
    <div
      class="resize-sensor"
      dir="ltr"
      style="pointer-events: none; position: absolute; left: 0px; top: 0px; right: 0px; bottom: 0px; overflow: hidden; z-index: -1; visibility: hidden; max-width: 100%;"
    >
      <div
        class="resize-sensor-expand"
        style="pointer-events: none; position: absolute; left: 0px; top: 0px; right: 0px; bottom: 0px; overflow: hidden; z-index: -1; visibility: hidden; max-width: 100%;"
      >
        <div
          style="position: absolute; left: 0px; top: 0px; transition: 0s;"
        />
      </div>
      <div
        class="resize-sensor-shrink"
        style="pointer-events: none; position: absolute; left: 0px; top: 0px; right: 0px; bottom: 0px; overflow: hidden; z-index: -1; visibility: hidden; max-width: 100%;"
      >
        <div
          style="position: absolute; left: 0px; top: 0px; transition: 0s; width: 200%; height: 200%;"
        />
      </div>
    </div>
  </div>
</DocumentFragment>
`;
