// Jest Snapshot v1, https://goo.gl/fbAQLP

exports[`CommonSetting should work 1`] = `
<div
  className="panelContainer"
>
  <div
    className="btnGroupContainer"
  >
    <Button
      block={false}
      ghost={false}
      htmlType="button"
      id="modifyPermissionBtn"
      loading={false}
      onClick={[Function]}
    >
      修改权限
    </Button>
  </div>
  <Table
    columns={
      Array [
        Object {
          "dataIndex": Array [
            "data",
            "remark",
          ],
          "title": "权限名称",
        },
        Object {
          "dataIndex": Array [
            "data",
            "roles",
          ],
          "render": [Function],
          "title": "适用角色",
        },
        Object {
          "dataIndex": "_whiteListEnabled",
          "render": [Function],
          "title": "启用白名单",
        },
        Object {
          "dataIndex": "operation",
          "render": [Function],
          "title": "操作",
        },
        Object {
          "dataIndex": "authorizers",
          "render": [Function],
          "title": "用户组／用户",
        },
      ]
    }
    dataSource={
      Array [
        PermissionItem {
          "_whiteListEnabled": true,
          "authorizers": Array [
            "easyops",
            "06031",
          ],
          "data": Object {
            "_actionWeight": 1,
            "_category": "a-0",
            "action": "deploy:package_delete",
            "id": "5b7b87a27e5a2e22bb29bcbf",
            "remark": "包删除",
            "resource": Object {
              "condition": Object {
                "deleteAuthorizers": "%user",
                "name": "package",
                "system": "deploy",
              },
              "system": "deploy",
            },
            "roles": Array [
              "系统管理员",
              "应用运维",
              "应用测试",
              "应用开发",
              "test",
              "测试角色-没有easyops+系统管理菜单",
            ],
            "system": "持续部署",
            "user": Array [
              "willniu123",
              "easyops",
              "qw",
              "qwe",
              "ea",
              "willniu",
              "lightjiao",
              "user3",
            ],
          },
          "instanceData": Object {
            "authUsers": "",
            "cId": "1",
            "category": "",
            "conf": "",
            "creator": "easyops",
            "ctime": "2019-04-01 02:38:45",
            "deleteAuthorizers": Array [
              "easyops",
              "06031",
            ],
            "icon": "",
            "installPath": "/tmptestpkg1",
            "memo": "a",
            "mtime": "2019-04-13 23:05:03",
            "name": "pkg-1",
            "org": "3333",
            "packageId": "912cb4643e24c7723091509fa9ad82c4",
            "platform": "linux",
            "readAuthorizers": Array [
              "easyops",
              "06032",
            ],
            "repoId": "",
            "repoPath": "/3333/91/2c/b4/643e24c7723091509fa9ad82c4",
            "source": "",
            "style": "",
            "type": "1",
            "updateAuthorizers": Array [
              "easyops",
              "06034",
              "group1",
            ],
          },
          "keyAuthorizers": "deleteAuthorizers",
        },
        PermissionItem {
          "_whiteListEnabled": true,
          "authorizers": Array [
            "easyops",
            "06034",
            "group1",
          ],
          "data": Object {
            "_actionWeight": 2,
            "_category": "a-0",
            "action": "deploy:package_update",
            "id": "5b7b87a27e5a2e22bb29bcc0",
            "remark": "包编辑",
            "resource": Object {
              "condition": Object {
                "name": "package",
                "system": "deploy",
                "updateAuthorizers": "%user",
              },
              "system": "deploy",
            },
            "roles": Array [
              "系统管理员",
              "应用运维",
              "应用测试",
              "应用开发",
              "test",
              "测试角色-没有easyops+系统管理菜单",
            ],
            "system": "持续部署",
            "user": Array [
              "willniu123",
              "easyops",
              "qw",
              "qwe",
              "ea",
              "willniu",
              "lightjiao",
              "user3",
            ],
          },
          "instanceData": Object {
            "authUsers": "",
            "cId": "1",
            "category": "",
            "conf": "",
            "creator": "easyops",
            "ctime": "2019-04-01 02:38:45",
            "deleteAuthorizers": Array [
              "easyops",
              "06031",
            ],
            "icon": "",
            "installPath": "/tmptestpkg1",
            "memo": "a",
            "mtime": "2019-04-13 23:05:03",
            "name": "pkg-1",
            "org": "3333",
            "packageId": "912cb4643e24c7723091509fa9ad82c4",
            "platform": "linux",
            "readAuthorizers": Array [
              "easyops",
              "06032",
            ],
            "repoId": "",
            "repoPath": "/3333/91/2c/b4/643e24c7723091509fa9ad82c4",
            "source": "",
            "style": "",
            "type": "1",
            "updateAuthorizers": Array [
              "easyops",
              "06034",
              "group1",
            ],
          },
          "keyAuthorizers": "updateAuthorizers",
        },
        PermissionItem {
          "_whiteListEnabled": true,
          "authorizers": Array [
            "easyops",
            "06032",
          ],
          "data": Object {
            "_actionWeight": 100,
            "_category": "a-0",
            "action": "deploy:package_read",
            "id": "5b7b87a27e5a2e22ba29bcc4",
            "remark": "包查看",
            "resource": Object {
              "condition": Object {
                "name": "package",
                "readAuthorizers": "%user",
                "system": "deploy",
              },
              "system": "deploy",
            },
            "roles": Array [
              "系统管理员",
              "应用运维",
              "应用测试",
              "应用开发",
              "test",
              "测试角色-没有easyops+系统管理菜单",
            ],
            "system": "持续部署",
            "user": Array [
              "willniu123",
              "easyops",
              "qw",
              "qwe",
              "ea",
              "willniu",
              "lightjiao",
              "user3",
            ],
          },
          "instanceData": Object {
            "authUsers": "",
            "cId": "1",
            "category": "",
            "conf": "",
            "creator": "easyops",
            "ctime": "2019-04-01 02:38:45",
            "deleteAuthorizers": Array [
              "easyops",
              "06031",
            ],
            "icon": "",
            "installPath": "/tmptestpkg1",
            "memo": "a",
            "mtime": "2019-04-13 23:05:03",
            "name": "pkg-1",
            "org": "3333",
            "packageId": "912cb4643e24c7723091509fa9ad82c4",
            "platform": "linux",
            "readAuthorizers": Array [
              "easyops",
              "06032",
            ],
            "repoId": "",
            "repoPath": "/3333/91/2c/b4/643e24c7723091509fa9ad82c4",
            "source": "",
            "style": "",
            "type": "1",
            "updateAuthorizers": Array [
              "easyops",
              "06034",
              "group1",
            ],
          },
          "keyAuthorizers": "readAuthorizers",
        },
      ]
    }
    rowKey="key"
  />
  <Modal
    confirmLoading={false}
    destroyOnClose={true}
    maskTransitionName="fade"
    okType="primary"
    onCancel={[Function]}
    onOk={[Function]}
    title="选择用户"
    transitionName="zoom"
    visible={false}
    width={520}
  >
    <SelectUserOrGroup
      handleUsersChange={[Function]}
    />
  </Modal>
  <Modal
    confirmLoading={false}
    destroyOnClose={true}
    maskTransitionName="fade"
    okType="primary"
    onCancel={[Function]}
    onOk={[Function]}
    title="批量添加"
    transitionName="zoom"
    visible={false}
    width={520}
  >
    <BatchHandleUser
      batchHandlePermChange={[Function]}
      batchHandleUserChange={[Function]}
      batchType="add"
      currentUsers={
        Array [
          "easyops",
          "06031",
          "06034",
          "group1",
          "06032",
        ]
      }
      permissionList={
        Array [
          Object {
            "_actionWeight": 1,
            "_category": "a-0",
            "action": "deploy:package_delete",
            "id": "5b7b87a27e5a2e22bb29bcbf",
            "remark": "包删除",
            "resource": Object {
              "condition": Object {
                "deleteAuthorizers": "%user",
                "name": "package",
                "system": "deploy",
              },
              "system": "deploy",
            },
            "roles": Array [
              "系统管理员",
              "应用运维",
              "应用测试",
              "应用开发",
              "test",
              "测试角色-没有easyops+系统管理菜单",
            ],
            "system": "持续部署",
            "user": Array [
              "willniu123",
              "easyops",
              "qw",
              "qwe",
              "ea",
              "willniu",
              "lightjiao",
              "user3",
            ],
          },
          Object {
            "_actionWeight": 2,
            "_category": "a-0",
            "action": "deploy:package_update",
            "id": "5b7b87a27e5a2e22bb29bcc0",
            "remark": "包编辑",
            "resource": Object {
              "condition": Object {
                "name": "package",
                "system": "deploy",
                "updateAuthorizers": "%user",
              },
              "system": "deploy",
            },
            "roles": Array [
              "系统管理员",
              "应用运维",
              "应用测试",
              "应用开发",
              "test",
              "测试角色-没有easyops+系统管理菜单",
            ],
            "system": "持续部署",
            "user": Array [
              "willniu123",
              "easyops",
              "qw",
              "qwe",
              "ea",
              "willniu",
              "lightjiao",
              "user3",
            ],
          },
          Object {
            "_actionWeight": 100,
            "_category": "a-0",
            "action": "deploy:package_read",
            "id": "5b7b87a27e5a2e22ba29bcc4",
            "remark": "包查看",
            "resource": Object {
              "condition": Object {
                "name": "package",
                "readAuthorizers": "%user",
                "system": "deploy",
              },
              "system": "deploy",
            },
            "roles": Array [
              "系统管理员",
              "应用运维",
              "应用测试",
              "应用开发",
              "test",
              "测试角色-没有easyops+系统管理菜单",
            ],
            "system": "持续部署",
            "user": Array [
              "willniu123",
              "easyops",
              "qw",
              "qwe",
              "ea",
              "willniu",
              "lightjiao",
              "user3",
            ],
          },
        ]
      }
    />
  </Modal>
</div>
`;
